// Jest Snapshot v1, https://goo.gl/fbAQLP

exports[`NewPoll should match snapshot 1`] = `
Object {
  "asFragment": [Function],
  "baseElement": <body>
    <div />
    <div>
      <div
        class="new-poll-div"
      >
        <h1>
          Create your own poll!
        </h1>
        <h2>
          Would You Rather
        </h2>
        <form
          class="new-poll"
          name="poll-form"
        >
          <label
            class="selection-one-label"
            for="optionOneValue"
          >
            Option One
            <input
              data-testid="option-one-input"
              name="optionOneValue"
              placeholder="Option One"
              value=""
            />
          </label>
          <label
            class="selection-two-label"
            for="optionTwoValue"
          >
            Option Two
            <input
              data-testid="option-two-input"
              name="optionTwoValue"
              placeholder="Option Two"
              value=""
            />
          </label>
          <button
            data-testid="submit-button"
            type="submit"
          >
            Submit
          </button>
        </form>
      </div>
    </div>
  </body>,
  "container": <div>
    <div
      class="new-poll-div"
    >
      <h1>
        Create your own poll!
      </h1>
      <h2>
        Would You Rather
      </h2>
      <form
        class="new-poll"
        name="poll-form"
      >
        <label
          class="selection-one-label"
          for="optionOneValue"
        >
          Option One
          <input
            data-testid="option-one-input"
            name="optionOneValue"
            placeholder="Option One"
            value=""
          />
        </label>
        <label
          class="selection-two-label"
          for="optionTwoValue"
        >
          Option Two
          <input
            data-testid="option-two-input"
            name="optionTwoValue"
            placeholder="Option Two"
            value=""
          />
        </label>
        <button
          data-testid="submit-button"
          type="submit"
        >
          Submit
        </button>
      </form>
    </div>
  </div>,
  "debug": [Function],
  "findAllByAltText": [Function],
  "findAllByDisplayValue": [Function],
  "findAllByLabelText": [Function],
  "findAllByPlaceholderText": [Function],
  "findAllByRole": [Function],
  "findAllByTestId": [Function],
  "findAllByText": [Function],
  "findAllByTitle": [Function],
  "findByAltText": [Function],
  "findByDisplayValue": [Function],
  "findByLabelText": [Function],
  "findByPlaceholderText": [Function],
  "findByRole": [Function],
  "findByTestId": [Function],
  "findByText": [Function],
  "findByTitle": [Function],
  "getAllByAltText": [Function],
  "getAllByDisplayValue": [Function],
  "getAllByLabelText": [Function],
  "getAllByPlaceholderText": [Function],
  "getAllByRole": [Function],
  "getAllByTestId": [Function],
  "getAllByText": [Function],
  "getAllByTitle": [Function],
  "getByAltText": [Function],
  "getByDisplayValue": [Function],
  "getByLabelText": [Function],
  "getByPlaceholderText": [Function],
  "getByRole": [Function],
  "getByTestId": [Function],
  "getByText": [Function],
  "getByTitle": [Function],
  "queryAllByAltText": [Function],
  "queryAllByDisplayValue": [Function],
  "queryAllByLabelText": [Function],
  "queryAllByPlaceholderText": [Function],
  "queryAllByRole": [Function],
  "queryAllByTestId": [Function],
  "queryAllByText": [Function],
  "queryAllByTitle": [Function],
  "queryByAltText": [Function],
  "queryByDisplayValue": [Function],
  "queryByLabelText": [Function],
  "queryByPlaceholderText": [Function],
  "queryByRole": [Function],
  "queryByTestId": [Function],
  "queryByText": [Function],
  "queryByTitle": [Function],
  "rerender": [Function],
  "unmount": [Function],
}
`;
